📂 INPUT_FOLDER: D:\MY_CODE\WebPersionalLearning\DB\TMDT_Chuong1
📂 OUTPUT_FOLDER: D:\MY_CODE\WebPersionalLearning\DB\JSON_Data
🔍 Found 13 CSV files.
📄 Processing: Chương_1_Tiết 10 Tổng quan về Sàn Giao dịch.csv
📊 Columns found: ['id', 'coursecontentid', 'idcontent', 'questiontype', 'questioncontent', 'aanswer', 'banswer', 'canswer', 'danswer', 'answer', 'resultanswer', 'explanation']
✅ Converted: Chương_1_Tiết 10 Tổng quan về Sàn Giao dịch.csv
📄 Processing: Chương_1_Tiết 11 Lợi ích và Phương thức giao dịch.csv
📊 Columns found: ['id', 'coursecontentid', 'idcontent', 'questiontype', 'questioncontent', 'aanswer', 'banswer', 'canswer', 'danswer', 'answer', 'resultanswer', 'explanation']
✅ Converted: Chương_1_Tiết 11 Lợi ích và Phương thức giao dịch.csv
📄 Processing: Chương_1_Tiết 12 Thực hành và Làm việc nhóm.csv
📊 Columns found: ['id', 'coursecontentid', 'idcontent', 'questiontype', 'questioncontent', 'aanswer', 'banswer', 'canswer', 'danswer', 'answer', 'resultanswer', 'explanation']
✅ Converted: Chương_1_Tiết 12 Thực hành và Làm việc nhóm.csv
📄 Processing: Chương_1_Tiết 1_Intro.csv
📊 Columns found: ['question', 'a', 'b', 'c', 'd', 'answer', 'explain']
✅ Converted: Chương_1_Tiết 1_Intro.csv
📄 Processing: Chương_1_Tiết 1_Khái niệm và Tiếp cận.csv
📊 Columns found: ['id', 'coursecontentid', 'idcontent', 'questiontype', 'questioncontent', 'aanswer', 'banswer', 'canswer', 'danswer', 'answer', 'resultanswer', 'explanation']
✅ Converted: Chương_1_Tiết 1_Khái niệm và Tiếp cận.csv
📄 Processing: Chương_1_Tiết 2 Phân loại, Lợi ích và Hạn chế.csv
📊 Columns found: ['id', 'coursecontentid', 'idcontent', 'questiontype', 'questioncontent', 'aanswer', 'banswer', 'canswer', 'danswer', 'answer', 'resultanswer', 'explanation']
✅ Converted: Chương_1_Tiết 2 Phân loại, Lợi ích và Hạn chế.csv
📄 Processing: Chương_1_Tiết 3 Sự phát triển và Đánh giá.csv
📊 Columns found: ['id', 'coursecontentid', 'idcontent', 'questiontype', 'questioncontent', 'aanswer', 'banswer', 'canswer', 'danswer', 'answer', 'resultanswer', 'explanation']
✅ Converted: Chương_1_Tiết 3 Sự phát triển và Đánh giá.csv
📄 Processing: Chương_1_Tiết 4 Hạ tầng Pháp lý và Công nghệ.csv
📊 Columns found: ['id', 'coursecontentid', 'idcontent', 'questiontype', 'questioncontent', 'aanswer', 'banswer', 'canswer', 'danswer', 'answer', 'resultanswer', 'explanation']
✅ Converted: Chương_1_Tiết 4 Hạ tầng Pháp lý và Công nghệ.csv
📄 Processing: Chương_1_Tiết 5 Hạ tầng Thanh toán và An toàn thông tin.csv
📊 Columns found: ['id', 'coursecontentid', 'idcontent', 'questiontype', 'questioncontent', 'aanswer', 'banswer', 'canswer', 'danswer', 'answer', 'resultanswer', 'explanation']
✅ Converted: Chương_1_Tiết 5 Hạ tầng Thanh toán và An toàn thông tin.csv
📄 Processing: Chương_1_Tiết 6 Hạ tầng Nhân lực, Phân phối & Bài tập.csv
📊 Columns found: ['id', 'coursecontentid', 'idcontent', 'questiontype', 'questioncontent', 'aanswer', 'banswer', 'canswer', 'danswer', 'answer', 'resultanswer', 'explanation']
✅ Converted: Chương_1_Tiết 6 Hạ tầng Nhân lực, Phân phối & Bài tập.csv
📄 Processing: Chương_1_Tiết 7 Mô hình B2C và B2B.csv
📊 Columns found: ['id', 'coursecontentid', 'idcontent', 'questiontype', 'questioncontent', 'aanswer', 'banswer', 'canswer', 'danswer', 'answer', 'resultanswer', 'explanation']
✅ Converted: Chương_1_Tiết 7 Mô hình B2C và B2B.csv
📄 Processing: Chương_1_Tiết 8 Mô hình C2C và C2B.csv
📊 Columns found: ['id', 'coursecontentid', 'idcontent', 'questiontype', 'questioncontent', 'aanswer', 'banswer', 'canswer', 'danswer', 'answer', 'resultanswer', 'explanation']
✅ Converted: Chương_1_Tiết 8 Mô hình C2C và C2B.csv
📄 Processing: Chương_1_Tiết 9 Phân tích Mô hình & Đánh giá.csv
📊 Columns found: ['id', 'coursecontentid', 'idcontent', 'questiontype', 'questioncontent', 'aanswer', 'banswer', 'canswer', 'danswer', 'answer', 'resultanswer', 'explanation']
✅ Converted: Chương_1_Tiết 9 Phân tích Mô hình & Đánh giá.csv
